\set_pos 13.012740887809334 4.795259842441547
\set_pos 13.084615973098826 9.877664850509845
\set_pos 13.077925508387061 14.914896257840118
\set_pos 13.005185745558027 19.947555030294712
\set_pos 12.87099820191066 25.100035999734274
\set_pos 12.680741588447178 30.248426023148813
\set_pos 12.42690347354466 35.514801903289126
\set_pos 12.118379921223147 40.59475959877021
\set_pos 11.720839382205591 45.823107855629694
\set_pos 11.220215815758635 51.01333433131803
\set_pos 10.540687161392473 56.40560650812518
\set_pos 9.59390344535751 61.87892049653253
\set_pos 8.224766425289971 67.28503706494321
\set_pos 6.137213880068254 72.4631681870653
\set_pos 2.0669644678059 77.86067337989219
\set_pos 359.71250860653697 79.6834895999742
\set_pos 353.111707020928 82.69571712517842
\set_pos 345.7088628440145 84.43360331215082
\set_pos 337.6434427037633 85.51242644337343
\set_pos 332.0233331567974 86.00623965952983
\set_pos 324.902787561267 86.45168856219759
\set_pos 315.9184422163384 86.82785116000296
\set_pos 304.86988160415495 87.10716788769932
\set_pos 292.04928489245447 87.25957153475514
\set_pos 278.48026013552334 87.26361655414279
\set_pos 265.5871278070737 87.11865711082991
\set_pos 254.42990542879434 86.84526354756439
\set_pos 245.33706720651594 86.47336932295111
\set_pos 238.12528795225543 86.03082538641006
\set_pos 232.4339808164149 85.53892024175389
\set_pos 224.27359662895654 84.462020120698
\set_pos 218.85267338571398 83.31385434153938
\set_pos 213.55972564336165 81.52786595003951
\set_pos 208.47996360263082 78.49276308380277
\set_pos 204.00583161550324 73.0686853125414
\set_pos 201.77054796429857 67.84816847357993
\set_pos 200.32570850457333 62.38596897557862
\set_pos 199.40898777872988 57.32932122945026
\set_pos 198.72809656864794 52.25248778331652
\set_pos 198.17733137761869 46.88865320955312
\set_pos 197.76707806448442 41.81933258321083
\set_pos 197.4392903707552 36.80845702975902
\set_pos 197.17085306936553 31.758865708746654
\set_pos 196.95395343111505 26.67883867453568
\set_pos 196.7868840425384 21.635873489892436
\set_pos 196.66698366128568 16.57820117291154
\set_pos 196.59711265692758 11.532903435097003
\set_pos 196.58013124278224 6.529481619281883